[   12516ms] [ERROR] Failed to load resource: the server responded with a status of 404 () @ https://images.pokemontcg.io/me25/logo.png:0
[   13095ms] [ERROR] Failed to load resource: the server responded with a status of 404 (Not Found) @ https://images.pokedata.ovh/en/mebsp/promo.png:0
[  421035ms] [ERROR] Failed to load resource: the server responded with a status of 404 (Not Found) @ https://images.pokedata.ovh/en/mebsp/promo.png:0
[ 1234991ms] [ERROR] Failed to load resource: the server responded with a status of 404 () @ https://images.pokemontcg.io/me25/symbol.png:0
[ 1237953ms] [ERROR] Failed to load resource: the server responded with a status of 401 () @ https://content-sheets.googleapis.com/v4/spreadsheets/138sq6ObNOVwlLoFEHrjfPKXLZTm38p8YDV2ifUy0VPg/values/'db_cards'!A2%3AQ200000?valueRenderOption=UNFORMATTED_VALUE:0
[ 1238083ms] [ERROR] [getValues] {result: Object, body: {
  "error": {
    "code": 401,
    "message": "Re…project.",
    "status": "UNAUTHENTICATED"
  }
}
, headers: Object, status: 401, statusText: null} @ http://localhost:8080/js/data/sheets-db.js:201
[ 1238085ms] [ERROR] [loadCurrentSet] Error: Keine Kartendaten in der Datenbank gefunden. Bitte Set importieren/aktualisieren oder API-Fallback aktivieren.
    at loadCurrentSet (http://localhost:8080/js/app.js:4626:13) @ http://localhost:8080/js/app.js:4645
[ 1247080ms] [ERROR] [loadCurrentSet] Error: Keine Kartendaten in der Datenbank gefunden. Bitte Set importieren/aktualisieren oder API-Fallback aktivieren.
    at loadCurrentSet (http://localhost:8080/js/app.js:4626:13)
    at async HTMLButtonElement.<anonymous> (http://localhost:8080/js/app.js:5274:7) @ http://localhost:8080/js/app.js:4645
[ 1256135ms] [ERROR] Failed to load resource: the server responded with a status of 404 (Not Found) @ https://images.pokedata.ovh/en/mebsp/promo.png:0
[ 1428485ms] [ERROR] [loadCurrentSet] Error: Keine Kartendaten in der Datenbank gefunden. Bitte Set importieren/aktualisieren oder API-Fallback aktivieren.
    at loadCurrentSet (http://localhost:8080/js/app.js:4626:13) @ http://localhost:8080/js/app.js:4645
[ 1431998ms] [ERROR] [loadCurrentSet] Error: Keine Kartendaten in der Datenbank gefunden. Bitte Set importieren/aktualisieren oder API-Fallback aktivieren.
    at loadCurrentSet (http://localhost:8080/js/app.js:4626:13) @ http://localhost:8080/js/app.js:4645
[ 1435836ms] [ERROR] Failed to load resource: the server responded with a status of 404 (Not Found) @ https://images.pokedata.ovh/en/mebsp/promo.png:0
